// Jest Snapshot v1, https://goo.gl/fbAQLP

exports[`OneColumnThin (snapshot) renders according to snapshot 1`] = `
<div
  className="layout one-column-thin test-class-name"
>
  <HelmetWrapper
    defer={true}
    encodeSpecialCharacters={true}
    title="Test title"
  />
  <Adapter
    className="layout-header"
  >
    <Connect(Navigation) />
  </Adapter>
  <Adapter
    className="layout-content"
  >
    <Row
      gutter={0}
    >
      <Col
        offset={9}
        span={6}
      >
        <p>
          Child content
        </p>
      </Col>
    </Row>
  </Adapter>
</div>
`;
